// Jest Snapshot v1, https://goo.gl/fbAQLP

exports[`getUser selector returns correct user 1`] = `
Object {
  "displayName": "Han Solo",
}
`;
